254,-845,374,403,-105,-193,277
200,-767,303,221,-290,-187,53
252,-537,298,450,7,-310,479
89,-777,257,333,-161,-196,366
435,-742,504,694,-155,-511,543
309,-974,366,316,-26,-302,187
416,-997,552,693,-180,-344,346