-489,-208,36,289,391
114,-223,-224,-247,-219
-19,-222,-158,-90,-74
-301,-268,-60,205,287
-42,-219,-172,-153,-96